[2026-03-31T12:08:28.981+0000] {processor.py:186} INFO - Started process (PID=206) to work on /opt/airflow/dags/automation_pipeline.py
[2026-03-31T12:08:28.983+0000] {processor.py:914} INFO - Processing file /opt/airflow/dags/automation_pipeline.py for tasks to queue
[2026-03-31T12:08:28.986+0000] {logging_mixin.py:190} INFO - [2026-03-31T12:08:28.985+0000] {dagbag.py:588} INFO - Filling up the DagBag from /opt/airflow/dags/automation_pipeline.py
[2026-03-31T12:08:29.022+0000] {logging_mixin.py:190} INFO - [2026-03-31T12:08:29.014+0000] {dagbag.py:387} ERROR - Failed to import: /opt/airflow/dags/automation_pipeline.py
Traceback (most recent call last):
  File "/home/airflow/.local/lib/python3.12/site-packages/airflow/models/dagbag.py", line 383, in parse
    loader.exec_module(new_module)
  File "<frozen importlib._bootstrap_external>", line 999, in exec_module
  File "<frozen importlib._bootstrap>", line 488, in _call_with_frames_removed
  File "/opt/airflow/dags/automation_pipeline.py", line 93, in <module>
    start_date=datetime(2026, 3, 31, tz="UTC"),
               ^^^^^^^^^^^^^^^^^^^^^^^^^^^^^^^
TypeError: 'tz' is an invalid keyword argument for this function
[2026-03-31T12:08:29.025+0000] {processor.py:927} WARNING - No viable dags retrieved from /opt/airflow/dags/automation_pipeline.py
[2026-03-31T12:08:29.066+0000] {processor.py:208} INFO - Processing /opt/airflow/dags/automation_pipeline.py took 0.096 seconds
[2026-03-31T12:08:59.360+0000] {processor.py:186} INFO - Started process (PID=242) to work on /opt/airflow/dags/automation_pipeline.py
[2026-03-31T12:08:59.362+0000] {processor.py:914} INFO - Processing file /opt/airflow/dags/automation_pipeline.py for tasks to queue
[2026-03-31T12:08:59.364+0000] {logging_mixin.py:190} INFO - [2026-03-31T12:08:59.363+0000] {dagbag.py:588} INFO - Filling up the DagBag from /opt/airflow/dags/automation_pipeline.py
[2026-03-31T12:08:59.397+0000] {logging_mixin.py:190} INFO - [2026-03-31T12:08:59.390+0000] {dagbag.py:387} ERROR - Failed to import: /opt/airflow/dags/automation_pipeline.py
Traceback (most recent call last):
  File "/home/airflow/.local/lib/python3.12/site-packages/airflow/models/dagbag.py", line 383, in parse
    loader.exec_module(new_module)
  File "<frozen importlib._bootstrap_external>", line 999, in exec_module
  File "<frozen importlib._bootstrap>", line 488, in _call_with_frames_removed
  File "/opt/airflow/dags/automation_pipeline.py", line 93, in <module>
    start_date=datetime(2026, 3, 31, tz="UTC"),
               ^^^^^^^^^^^^^^^^^^^^^^^^^^^^^^^
TypeError: 'tz' is an invalid keyword argument for this function
[2026-03-31T12:08:59.399+0000] {processor.py:927} WARNING - No viable dags retrieved from /opt/airflow/dags/automation_pipeline.py
[2026-03-31T12:08:59.437+0000] {processor.py:208} INFO - Processing /opt/airflow/dags/automation_pipeline.py took 0.100 seconds
[2026-03-31T12:09:29.747+0000] {processor.py:186} INFO - Started process (PID=253) to work on /opt/airflow/dags/automation_pipeline.py
[2026-03-31T12:09:29.749+0000] {processor.py:914} INFO - Processing file /opt/airflow/dags/automation_pipeline.py for tasks to queue
[2026-03-31T12:09:29.752+0000] {logging_mixin.py:190} INFO - [2026-03-31T12:09:29.751+0000] {dagbag.py:588} INFO - Filling up the DagBag from /opt/airflow/dags/automation_pipeline.py
[2026-03-31T12:09:29.793+0000] {logging_mixin.py:190} INFO - [2026-03-31T12:09:29.785+0000] {dagbag.py:387} ERROR - Failed to import: /opt/airflow/dags/automation_pipeline.py
Traceback (most recent call last):
  File "/home/airflow/.local/lib/python3.12/site-packages/airflow/models/dagbag.py", line 383, in parse
    loader.exec_module(new_module)
  File "<frozen importlib._bootstrap_external>", line 999, in exec_module
  File "<frozen importlib._bootstrap>", line 488, in _call_with_frames_removed
  File "/opt/airflow/dags/automation_pipeline.py", line 93, in <module>
    start_date=datetime(2026, 3, 31, tz="UTC"),
               ^^^^^^^^^^^^^^^^^^^^^^^^^^^^^^^
TypeError: 'tz' is an invalid keyword argument for this function
[2026-03-31T12:09:29.797+0000] {processor.py:927} WARNING - No viable dags retrieved from /opt/airflow/dags/automation_pipeline.py
[2026-03-31T12:09:29.861+0000] {processor.py:208} INFO - Processing /opt/airflow/dags/automation_pipeline.py took 0.123 seconds
[2026-03-31T12:10:00.110+0000] {processor.py:186} INFO - Started process (PID=264) to work on /opt/airflow/dags/automation_pipeline.py
[2026-03-31T12:10:00.111+0000] {processor.py:914} INFO - Processing file /opt/airflow/dags/automation_pipeline.py for tasks to queue
[2026-03-31T12:10:00.113+0000] {logging_mixin.py:190} INFO - [2026-03-31T12:10:00.112+0000] {dagbag.py:588} INFO - Filling up the DagBag from /opt/airflow/dags/automation_pipeline.py
[2026-03-31T12:10:00.134+0000] {logging_mixin.py:190} INFO - [2026-03-31T12:10:00.130+0000] {dagbag.py:387} ERROR - Failed to import: /opt/airflow/dags/automation_pipeline.py
Traceback (most recent call last):
  File "/home/airflow/.local/lib/python3.12/site-packages/airflow/models/dagbag.py", line 383, in parse
    loader.exec_module(new_module)
  File "<frozen importlib._bootstrap_external>", line 999, in exec_module
  File "<frozen importlib._bootstrap>", line 488, in _call_with_frames_removed
  File "/opt/airflow/dags/automation_pipeline.py", line 93, in <module>
    start_date=datetime(2026, 3, 31, tz="UTC"),
               ^^^^^^^^^^^^^^^^^^^^^^^^^^^^^^^
TypeError: 'tz' is an invalid keyword argument for this function
[2026-03-31T12:10:00.135+0000] {processor.py:927} WARNING - No viable dags retrieved from /opt/airflow/dags/automation_pipeline.py
[2026-03-31T12:10:00.164+0000] {processor.py:208} INFO - Processing /opt/airflow/dags/automation_pipeline.py took 0.058 seconds
[2026-03-31T12:10:30.489+0000] {processor.py:186} INFO - Started process (PID=275) to work on /opt/airflow/dags/automation_pipeline.py
[2026-03-31T12:10:30.490+0000] {processor.py:914} INFO - Processing file /opt/airflow/dags/automation_pipeline.py for tasks to queue
[2026-03-31T12:10:30.491+0000] {logging_mixin.py:190} INFO - [2026-03-31T12:10:30.491+0000] {dagbag.py:588} INFO - Filling up the DagBag from /opt/airflow/dags/automation_pipeline.py
[2026-03-31T12:10:30.508+0000] {logging_mixin.py:190} INFO - [2026-03-31T12:10:30.506+0000] {dagbag.py:387} ERROR - Failed to import: /opt/airflow/dags/automation_pipeline.py
Traceback (most recent call last):
  File "/home/airflow/.local/lib/python3.12/site-packages/airflow/models/dagbag.py", line 383, in parse
    loader.exec_module(new_module)
  File "<frozen importlib._bootstrap_external>", line 999, in exec_module
  File "<frozen importlib._bootstrap>", line 488, in _call_with_frames_removed
  File "/opt/airflow/dags/automation_pipeline.py", line 93, in <module>
    start_date=datetime(2026, 3, 31, tz="UTC"),
               ^^^^^^^^^^^^^^^^^^^^^^^^^^^^^^^
TypeError: 'tz' is an invalid keyword argument for this function
[2026-03-31T12:10:30.509+0000] {processor.py:927} WARNING - No viable dags retrieved from /opt/airflow/dags/automation_pipeline.py
[2026-03-31T12:10:30.526+0000] {processor.py:208} INFO - Processing /opt/airflow/dags/automation_pipeline.py took 0.044 seconds
[2026-03-31T12:11:00.793+0000] {processor.py:186} INFO - Started process (PID=286) to work on /opt/airflow/dags/automation_pipeline.py
[2026-03-31T12:11:00.795+0000] {processor.py:914} INFO - Processing file /opt/airflow/dags/automation_pipeline.py for tasks to queue
[2026-03-31T12:11:00.796+0000] {logging_mixin.py:190} INFO - [2026-03-31T12:11:00.795+0000] {dagbag.py:588} INFO - Filling up the DagBag from /opt/airflow/dags/automation_pipeline.py
[2026-03-31T12:11:00.814+0000] {logging_mixin.py:190} INFO - [2026-03-31T12:11:00.810+0000] {dagbag.py:387} ERROR - Failed to import: /opt/airflow/dags/automation_pipeline.py
Traceback (most recent call last):
  File "/home/airflow/.local/lib/python3.12/site-packages/airflow/models/dagbag.py", line 383, in parse
    loader.exec_module(new_module)
  File "<frozen importlib._bootstrap_external>", line 999, in exec_module
  File "<frozen importlib._bootstrap>", line 488, in _call_with_frames_removed
  File "/opt/airflow/dags/automation_pipeline.py", line 93, in <module>
    start_date=datetime(2026, 3, 31, tz="UTC"),
               ^^^^^^^^^^^^^^^^^^^^^^^^^^^^^^^
TypeError: 'tz' is an invalid keyword argument for this function
[2026-03-31T12:11:00.815+0000] {processor.py:927} WARNING - No viable dags retrieved from /opt/airflow/dags/automation_pipeline.py
[2026-03-31T12:11:00.832+0000] {processor.py:208} INFO - Processing /opt/airflow/dags/automation_pipeline.py took 0.043 seconds
[2026-03-31T12:11:31.133+0000] {processor.py:186} INFO - Started process (PID=297) to work on /opt/airflow/dags/automation_pipeline.py
[2026-03-31T12:11:31.134+0000] {processor.py:914} INFO - Processing file /opt/airflow/dags/automation_pipeline.py for tasks to queue
[2026-03-31T12:11:31.136+0000] {logging_mixin.py:190} INFO - [2026-03-31T12:11:31.135+0000] {dagbag.py:588} INFO - Filling up the DagBag from /opt/airflow/dags/automation_pipeline.py
[2026-03-31T12:11:31.152+0000] {logging_mixin.py:190} INFO - [2026-03-31T12:11:31.146+0000] {dagbag.py:387} ERROR - Failed to import: /opt/airflow/dags/automation_pipeline.py
Traceback (most recent call last):
  File "/home/airflow/.local/lib/python3.12/site-packages/airflow/models/dagbag.py", line 383, in parse
    loader.exec_module(new_module)
  File "<frozen importlib._bootstrap_external>", line 999, in exec_module
  File "<frozen importlib._bootstrap>", line 488, in _call_with_frames_removed
  File "/opt/airflow/dags/automation_pipeline.py", line 93, in <module>
    start_date=datetime(2026, 3, 31, tz="UTC"),
               ^^^^^^^^^^^^^^^^^^^^^^^^^^^^^^^
TypeError: 'tz' is an invalid keyword argument for this function
[2026-03-31T12:11:31.153+0000] {processor.py:927} WARNING - No viable dags retrieved from /opt/airflow/dags/automation_pipeline.py
[2026-03-31T12:11:31.170+0000] {processor.py:208} INFO - Processing /opt/airflow/dags/automation_pipeline.py took 0.041 seconds
[2026-03-31T12:12:01.542+0000] {processor.py:186} INFO - Started process (PID=309) to work on /opt/airflow/dags/automation_pipeline.py
[2026-03-31T12:12:01.543+0000] {processor.py:914} INFO - Processing file /opt/airflow/dags/automation_pipeline.py for tasks to queue
[2026-03-31T12:12:01.546+0000] {logging_mixin.py:190} INFO - [2026-03-31T12:12:01.545+0000] {dagbag.py:588} INFO - Filling up the DagBag from /opt/airflow/dags/automation_pipeline.py
[2026-03-31T12:12:01.579+0000] {logging_mixin.py:190} INFO - [2026-03-31T12:12:01.572+0000] {dagbag.py:387} ERROR - Failed to import: /opt/airflow/dags/automation_pipeline.py
Traceback (most recent call last):
  File "/home/airflow/.local/lib/python3.12/site-packages/airflow/models/dagbag.py", line 383, in parse
    loader.exec_module(new_module)
  File "<frozen importlib._bootstrap_external>", line 999, in exec_module
  File "<frozen importlib._bootstrap>", line 488, in _call_with_frames_removed
  File "/opt/airflow/dags/automation_pipeline.py", line 93, in <module>
    start_date=datetime(2026, 3, 31, tz="UTC"),
               ^^^^^^^^^^^^^^^^^^^^^^^^^^^^^^^
TypeError: 'tz' is an invalid keyword argument for this function
[2026-03-31T12:12:01.582+0000] {processor.py:927} WARNING - No viable dags retrieved from /opt/airflow/dags/automation_pipeline.py
[2026-03-31T12:12:01.617+0000] {processor.py:208} INFO - Processing /opt/airflow/dags/automation_pipeline.py took 0.082 seconds
[2026-03-31T12:12:31.851+0000] {processor.py:186} INFO - Started process (PID=320) to work on /opt/airflow/dags/automation_pipeline.py
[2026-03-31T12:12:31.852+0000] {processor.py:914} INFO - Processing file /opt/airflow/dags/automation_pipeline.py for tasks to queue
[2026-03-31T12:12:31.855+0000] {logging_mixin.py:190} INFO - [2026-03-31T12:12:31.854+0000] {dagbag.py:588} INFO - Filling up the DagBag from /opt/airflow/dags/automation_pipeline.py
[2026-03-31T12:12:31.887+0000] {logging_mixin.py:190} INFO - [2026-03-31T12:12:31.879+0000] {dagbag.py:387} ERROR - Failed to import: /opt/airflow/dags/automation_pipeline.py
Traceback (most recent call last):
  File "/home/airflow/.local/lib/python3.12/site-packages/airflow/models/dagbag.py", line 383, in parse
    loader.exec_module(new_module)
  File "<frozen importlib._bootstrap_external>", line 999, in exec_module
  File "<frozen importlib._bootstrap>", line 488, in _call_with_frames_removed
  File "/opt/airflow/dags/automation_pipeline.py", line 93, in <module>
    start_date=datetime(2026, 3, 31, tz="UTC"),
               ^^^^^^^^^^^^^^^^^^^^^^^^^^^^^^^
TypeError: 'tz' is an invalid keyword argument for this function
[2026-03-31T12:12:31.889+0000] {processor.py:927} WARNING - No viable dags retrieved from /opt/airflow/dags/automation_pipeline.py
[2026-03-31T12:12:31.918+0000] {processor.py:208} INFO - Processing /opt/airflow/dags/automation_pipeline.py took 0.075 seconds
[2026-03-31T12:13:02.234+0000] {processor.py:186} INFO - Started process (PID=331) to work on /opt/airflow/dags/automation_pipeline.py
[2026-03-31T12:13:02.236+0000] {processor.py:914} INFO - Processing file /opt/airflow/dags/automation_pipeline.py for tasks to queue
[2026-03-31T12:13:02.238+0000] {logging_mixin.py:190} INFO - [2026-03-31T12:13:02.237+0000] {dagbag.py:588} INFO - Filling up the DagBag from /opt/airflow/dags/automation_pipeline.py
[2026-03-31T12:13:02.270+0000] {logging_mixin.py:190} INFO - [2026-03-31T12:13:02.263+0000] {dagbag.py:387} ERROR - Failed to import: /opt/airflow/dags/automation_pipeline.py
Traceback (most recent call last):
  File "/home/airflow/.local/lib/python3.12/site-packages/airflow/models/dagbag.py", line 383, in parse
    loader.exec_module(new_module)
  File "<frozen importlib._bootstrap_external>", line 999, in exec_module
  File "<frozen importlib._bootstrap>", line 488, in _call_with_frames_removed
  File "/opt/airflow/dags/automation_pipeline.py", line 93, in <module>
    start_date=datetime(2026, 3, 31, tz="UTC"),
               ^^^^^^^^^^^^^^^^^^^^^^^^^^^^^^^
TypeError: 'tz' is an invalid keyword argument for this function
[2026-03-31T12:13:02.273+0000] {processor.py:927} WARNING - No viable dags retrieved from /opt/airflow/dags/automation_pipeline.py
[2026-03-31T12:13:02.305+0000] {processor.py:208} INFO - Processing /opt/airflow/dags/automation_pipeline.py took 0.077 seconds
[2026-03-31T12:13:32.645+0000] {processor.py:186} INFO - Started process (PID=342) to work on /opt/airflow/dags/automation_pipeline.py
[2026-03-31T12:13:32.646+0000] {processor.py:914} INFO - Processing file /opt/airflow/dags/automation_pipeline.py for tasks to queue
[2026-03-31T12:13:32.648+0000] {logging_mixin.py:190} INFO - [2026-03-31T12:13:32.648+0000] {dagbag.py:588} INFO - Filling up the DagBag from /opt/airflow/dags/automation_pipeline.py
[2026-03-31T12:13:32.676+0000] {logging_mixin.py:190} INFO - [2026-03-31T12:13:32.671+0000] {dagbag.py:387} ERROR - Failed to import: /opt/airflow/dags/automation_pipeline.py
Traceback (most recent call last):
  File "/home/airflow/.local/lib/python3.12/site-packages/airflow/models/dagbag.py", line 383, in parse
    loader.exec_module(new_module)
  File "<frozen importlib._bootstrap_external>", line 999, in exec_module
  File "<frozen importlib._bootstrap>", line 488, in _call_with_frames_removed
  File "/opt/airflow/dags/automation_pipeline.py", line 93, in <module>
    start_date=datetime(2026, 3, 31, tz="UTC"),
               ^^^^^^^^^^^^^^^^^^^^^^^^^^^^^^^
TypeError: 'tz' is an invalid keyword argument for this function
[2026-03-31T12:13:32.680+0000] {processor.py:927} WARNING - No viable dags retrieved from /opt/airflow/dags/automation_pipeline.py
[2026-03-31T12:13:32.711+0000] {processor.py:208} INFO - Processing /opt/airflow/dags/automation_pipeline.py took 0.072 seconds
[2026-03-31T12:15:24.248+0000] {processor.py:186} INFO - Started process (PID=212) to work on /opt/airflow/dags/automation_pipeline.py
[2026-03-31T12:15:24.249+0000] {processor.py:914} INFO - Processing file /opt/airflow/dags/automation_pipeline.py for tasks to queue
[2026-03-31T12:15:24.251+0000] {logging_mixin.py:190} INFO - [2026-03-31T12:15:24.251+0000] {dagbag.py:588} INFO - Filling up the DagBag from /opt/airflow/dags/automation_pipeline.py
[2026-03-31T12:15:24.286+0000] {logging_mixin.py:190} INFO - [2026-03-31T12:15:24.278+0000] {dagbag.py:387} ERROR - Failed to import: /opt/airflow/dags/automation_pipeline.py
Traceback (most recent call last):
  File "/home/airflow/.local/lib/python3.12/site-packages/airflow/models/dagbag.py", line 383, in parse
    loader.exec_module(new_module)
  File "<frozen importlib._bootstrap_external>", line 999, in exec_module
  File "<frozen importlib._bootstrap>", line 488, in _call_with_frames_removed
  File "/opt/airflow/dags/automation_pipeline.py", line 93, in <module>
    start_date=datetime(2026, 3, 31, tz="UTC"),
               ^^^^^^^^^^^^^^^^^^^^^^^^^^^^^^^
TypeError: 'tz' is an invalid keyword argument for this function
[2026-03-31T12:15:24.289+0000] {processor.py:927} WARNING - No viable dags retrieved from /opt/airflow/dags/automation_pipeline.py
[2026-03-31T12:15:24.341+0000] {processor.py:208} INFO - Processing /opt/airflow/dags/automation_pipeline.py took 0.103 seconds
[2026-03-31T12:15:54.678+0000] {processor.py:186} INFO - Started process (PID=248) to work on /opt/airflow/dags/automation_pipeline.py
[2026-03-31T12:15:54.679+0000] {processor.py:914} INFO - Processing file /opt/airflow/dags/automation_pipeline.py for tasks to queue
[2026-03-31T12:15:54.681+0000] {logging_mixin.py:190} INFO - [2026-03-31T12:15:54.681+0000] {dagbag.py:588} INFO - Filling up the DagBag from /opt/airflow/dags/automation_pipeline.py
[2026-03-31T12:15:54.704+0000] {logging_mixin.py:190} INFO - [2026-03-31T12:15:54.699+0000] {dagbag.py:387} ERROR - Failed to import: /opt/airflow/dags/automation_pipeline.py
Traceback (most recent call last):
  File "/home/airflow/.local/lib/python3.12/site-packages/airflow/models/dagbag.py", line 383, in parse
    loader.exec_module(new_module)
  File "<frozen importlib._bootstrap_external>", line 999, in exec_module
  File "<frozen importlib._bootstrap>", line 488, in _call_with_frames_removed
  File "/opt/airflow/dags/automation_pipeline.py", line 93, in <module>
    start_date=datetime(2026, 3, 31, tz="UTC"),
               ^^^^^^^^^^^^^^^^^^^^^^^^^^^^^^^
TypeError: 'tz' is an invalid keyword argument for this function
[2026-03-31T12:15:54.706+0000] {processor.py:927} WARNING - No viable dags retrieved from /opt/airflow/dags/automation_pipeline.py
[2026-03-31T12:15:54.732+0000] {processor.py:208} INFO - Processing /opt/airflow/dags/automation_pipeline.py took 0.062 seconds
[2026-03-31T12:16:24.971+0000] {processor.py:186} INFO - Started process (PID=259) to work on /opt/airflow/dags/automation_pipeline.py
[2026-03-31T12:16:24.973+0000] {processor.py:914} INFO - Processing file /opt/airflow/dags/automation_pipeline.py for tasks to queue
[2026-03-31T12:16:24.977+0000] {logging_mixin.py:190} INFO - [2026-03-31T12:16:24.976+0000] {dagbag.py:588} INFO - Filling up the DagBag from /opt/airflow/dags/automation_pipeline.py
[2026-03-31T12:16:25.004+0000] {logging_mixin.py:190} INFO - [2026-03-31T12:16:24.999+0000] {dagbag.py:387} ERROR - Failed to import: /opt/airflow/dags/automation_pipeline.py
Traceback (most recent call last):
  File "/home/airflow/.local/lib/python3.12/site-packages/airflow/models/dagbag.py", line 383, in parse
    loader.exec_module(new_module)
  File "<frozen importlib._bootstrap_external>", line 999, in exec_module
  File "<frozen importlib._bootstrap>", line 488, in _call_with_frames_removed
  File "/opt/airflow/dags/automation_pipeline.py", line 93, in <module>
    start_date=datetime(2026, 3, 31, tz="UTC"),
               ^^^^^^^^^^^^^^^^^^^^^^^^^^^^^^^
TypeError: 'tz' is an invalid keyword argument for this function
[2026-03-31T12:16:25.007+0000] {processor.py:927} WARNING - No viable dags retrieved from /opt/airflow/dags/automation_pipeline.py
[2026-03-31T12:16:25.040+0000] {processor.py:208} INFO - Processing /opt/airflow/dags/automation_pipeline.py took 0.077 seconds
[2026-03-31T12:16:55.388+0000] {processor.py:186} INFO - Started process (PID=270) to work on /opt/airflow/dags/automation_pipeline.py
[2026-03-31T12:16:55.389+0000] {processor.py:914} INFO - Processing file /opt/airflow/dags/automation_pipeline.py for tasks to queue
[2026-03-31T12:16:55.391+0000] {logging_mixin.py:190} INFO - [2026-03-31T12:16:55.391+0000] {dagbag.py:588} INFO - Filling up the DagBag from /opt/airflow/dags/automation_pipeline.py
[2026-03-31T12:16:55.416+0000] {logging_mixin.py:190} INFO - [2026-03-31T12:16:55.412+0000] {dagbag.py:387} ERROR - Failed to import: /opt/airflow/dags/automation_pipeline.py
Traceback (most recent call last):
  File "/home/airflow/.local/lib/python3.12/site-packages/airflow/models/dagbag.py", line 383, in parse
    loader.exec_module(new_module)
  File "<frozen importlib._bootstrap_external>", line 999, in exec_module
  File "<frozen importlib._bootstrap>", line 488, in _call_with_frames_removed
  File "/opt/airflow/dags/automation_pipeline.py", line 93, in <module>
    start_date=datetime(2026, 3, 31, tz="UTC"),
               ^^^^^^^^^^^^^^^^^^^^^^^^^^^^^^^
TypeError: 'tz' is an invalid keyword argument for this function
[2026-03-31T12:16:55.418+0000] {processor.py:927} WARNING - No viable dags retrieved from /opt/airflow/dags/automation_pipeline.py
[2026-03-31T12:16:55.456+0000] {processor.py:208} INFO - Processing /opt/airflow/dags/automation_pipeline.py took 0.075 seconds
[2026-03-31T12:17:25.673+0000] {processor.py:186} INFO - Started process (PID=281) to work on /opt/airflow/dags/automation_pipeline.py
[2026-03-31T12:17:25.674+0000] {processor.py:914} INFO - Processing file /opt/airflow/dags/automation_pipeline.py for tasks to queue
[2026-03-31T12:17:25.676+0000] {logging_mixin.py:190} INFO - [2026-03-31T12:17:25.676+0000] {dagbag.py:588} INFO - Filling up the DagBag from /opt/airflow/dags/automation_pipeline.py
[2026-03-31T12:17:25.699+0000] {logging_mixin.py:190} INFO - [2026-03-31T12:17:25.694+0000] {dagbag.py:387} ERROR - Failed to import: /opt/airflow/dags/automation_pipeline.py
Traceback (most recent call last):
  File "/home/airflow/.local/lib/python3.12/site-packages/airflow/models/dagbag.py", line 383, in parse
    loader.exec_module(new_module)
  File "<frozen importlib._bootstrap_external>", line 999, in exec_module
  File "<frozen importlib._bootstrap>", line 488, in _call_with_frames_removed
  File "/opt/airflow/dags/automation_pipeline.py", line 93, in <module>
    start_date=datetime(2026, 3, 31, tz="UTC"),
               ^^^^^^^^^^^^^^^^^^^^^^^^^^^^^^^
TypeError: 'tz' is an invalid keyword argument for this function
[2026-03-31T12:17:25.701+0000] {processor.py:927} WARNING - No viable dags retrieved from /opt/airflow/dags/automation_pipeline.py
[2026-03-31T12:17:25.736+0000] {processor.py:208} INFO - Processing /opt/airflow/dags/automation_pipeline.py took 0.070 seconds
[2026-03-31T12:17:56.122+0000] {processor.py:186} INFO - Started process (PID=292) to work on /opt/airflow/dags/automation_pipeline.py
[2026-03-31T12:17:56.123+0000] {processor.py:914} INFO - Processing file /opt/airflow/dags/automation_pipeline.py for tasks to queue
[2026-03-31T12:17:56.126+0000] {logging_mixin.py:190} INFO - [2026-03-31T12:17:56.125+0000] {dagbag.py:588} INFO - Filling up the DagBag from /opt/airflow/dags/automation_pipeline.py
[2026-03-31T12:17:56.155+0000] {logging_mixin.py:190} INFO - [2026-03-31T12:17:56.149+0000] {dagbag.py:387} ERROR - Failed to import: /opt/airflow/dags/automation_pipeline.py
Traceback (most recent call last):
  File "/home/airflow/.local/lib/python3.12/site-packages/airflow/models/dagbag.py", line 383, in parse
    loader.exec_module(new_module)
  File "<frozen importlib._bootstrap_external>", line 999, in exec_module
  File "<frozen importlib._bootstrap>", line 488, in _call_with_frames_removed
  File "/opt/airflow/dags/automation_pipeline.py", line 93, in <module>
    start_date=datetime(2026, 3, 31, tz="UTC"),
               ^^^^^^^^^^^^^^^^^^^^^^^^^^^^^^^
TypeError: 'tz' is an invalid keyword argument for this function
[2026-03-31T12:17:56.157+0000] {processor.py:927} WARNING - No viable dags retrieved from /opt/airflow/dags/automation_pipeline.py
[2026-03-31T12:17:56.185+0000] {processor.py:208} INFO - Processing /opt/airflow/dags/automation_pipeline.py took 0.075 seconds
[2026-03-31T12:18:26.387+0000] {processor.py:186} INFO - Started process (PID=303) to work on /opt/airflow/dags/automation_pipeline.py
[2026-03-31T12:18:26.388+0000] {processor.py:914} INFO - Processing file /opt/airflow/dags/automation_pipeline.py for tasks to queue
[2026-03-31T12:18:26.389+0000] {logging_mixin.py:190} INFO - [2026-03-31T12:18:26.389+0000] {dagbag.py:588} INFO - Filling up the DagBag from /opt/airflow/dags/automation_pipeline.py
[2026-03-31T12:18:26.407+0000] {logging_mixin.py:190} INFO - [2026-03-31T12:18:26.403+0000] {dagbag.py:387} ERROR - Failed to import: /opt/airflow/dags/automation_pipeline.py
Traceback (most recent call last):
  File "/home/airflow/.local/lib/python3.12/site-packages/airflow/models/dagbag.py", line 383, in parse
    loader.exec_module(new_module)
  File "<frozen importlib._bootstrap_external>", line 999, in exec_module
  File "<frozen importlib._bootstrap>", line 488, in _call_with_frames_removed
  File "/opt/airflow/dags/automation_pipeline.py", line 93, in <module>
    start_date=datetime(2026, 3, 31, tz="UTC"),
               ^^^^^^^^^^^^^^^^^^^^^^^^^^^^^^^
TypeError: 'tz' is an invalid keyword argument for this function
[2026-03-31T12:18:26.409+0000] {processor.py:927} WARNING - No viable dags retrieved from /opt/airflow/dags/automation_pipeline.py
[2026-03-31T12:18:26.442+0000] {processor.py:208} INFO - Processing /opt/airflow/dags/automation_pipeline.py took 0.060 seconds
[2026-03-31T12:18:56.662+0000] {processor.py:186} INFO - Started process (PID=314) to work on /opt/airflow/dags/automation_pipeline.py
[2026-03-31T12:18:56.663+0000] {processor.py:914} INFO - Processing file /opt/airflow/dags/automation_pipeline.py for tasks to queue
[2026-03-31T12:18:56.664+0000] {logging_mixin.py:190} INFO - [2026-03-31T12:18:56.664+0000] {dagbag.py:588} INFO - Filling up the DagBag from /opt/airflow/dags/automation_pipeline.py
[2026-03-31T12:18:56.693+0000] {logging_mixin.py:190} INFO - [2026-03-31T12:18:56.685+0000] {dagbag.py:387} ERROR - Failed to import: /opt/airflow/dags/automation_pipeline.py
Traceback (most recent call last):
  File "/home/airflow/.local/lib/python3.12/site-packages/airflow/models/dagbag.py", line 383, in parse
    loader.exec_module(new_module)
  File "<frozen importlib._bootstrap_external>", line 999, in exec_module
  File "<frozen importlib._bootstrap>", line 488, in _call_with_frames_removed
  File "/opt/airflow/dags/automation_pipeline.py", line 93, in <module>
    start_date=datetime(2026, 3, 31, tz="UTC"),
               ^^^^^^^^^^^^^^^^^^^^^^^^^^^^^^^
TypeError: 'tz' is an invalid keyword argument for this function
[2026-03-31T12:18:56.695+0000] {processor.py:927} WARNING - No viable dags retrieved from /opt/airflow/dags/automation_pipeline.py
[2026-03-31T12:18:56.727+0000] {processor.py:208} INFO - Processing /opt/airflow/dags/automation_pipeline.py took 0.073 seconds
[2026-03-31T12:19:26.944+0000] {processor.py:186} INFO - Started process (PID=325) to work on /opt/airflow/dags/automation_pipeline.py
[2026-03-31T12:19:26.945+0000] {processor.py:914} INFO - Processing file /opt/airflow/dags/automation_pipeline.py for tasks to queue
[2026-03-31T12:19:26.947+0000] {logging_mixin.py:190} INFO - [2026-03-31T12:19:26.946+0000] {dagbag.py:588} INFO - Filling up the DagBag from /opt/airflow/dags/automation_pipeline.py
[2026-03-31T12:19:26.964+0000] {logging_mixin.py:190} INFO - [2026-03-31T12:19:26.960+0000] {dagbag.py:387} ERROR - Failed to import: /opt/airflow/dags/automation_pipeline.py
Traceback (most recent call last):
  File "/home/airflow/.local/lib/python3.12/site-packages/airflow/models/dagbag.py", line 383, in parse
    loader.exec_module(new_module)
  File "<frozen importlib._bootstrap_external>", line 999, in exec_module
  File "<frozen importlib._bootstrap>", line 488, in _call_with_frames_removed
  File "/opt/airflow/dags/automation_pipeline.py", line 93, in <module>
    start_date=datetime(2026, 3, 31, tz="UTC"),
               ^^^^^^^^^^^^^^^^^^^^^^^^^^^^^^^
TypeError: 'tz' is an invalid keyword argument for this function
[2026-03-31T12:19:26.966+0000] {processor.py:927} WARNING - No viable dags retrieved from /opt/airflow/dags/automation_pipeline.py
[2026-03-31T12:19:26.993+0000] {processor.py:208} INFO - Processing /opt/airflow/dags/automation_pipeline.py took 0.057 seconds
[2026-03-31T12:19:57.334+0000] {processor.py:186} INFO - Started process (PID=336) to work on /opt/airflow/dags/automation_pipeline.py
[2026-03-31T12:19:57.335+0000] {processor.py:914} INFO - Processing file /opt/airflow/dags/automation_pipeline.py for tasks to queue
[2026-03-31T12:19:57.337+0000] {logging_mixin.py:190} INFO - [2026-03-31T12:19:57.336+0000] {dagbag.py:588} INFO - Filling up the DagBag from /opt/airflow/dags/automation_pipeline.py
[2026-03-31T12:19:57.360+0000] {logging_mixin.py:190} INFO - [2026-03-31T12:19:57.355+0000] {dagbag.py:387} ERROR - Failed to import: /opt/airflow/dags/automation_pipeline.py
Traceback (most recent call last):
  File "/home/airflow/.local/lib/python3.12/site-packages/airflow/models/dagbag.py", line 383, in parse
    loader.exec_module(new_module)
  File "<frozen importlib._bootstrap_external>", line 999, in exec_module
  File "<frozen importlib._bootstrap>", line 488, in _call_with_frames_removed
  File "/opt/airflow/dags/automation_pipeline.py", line 93, in <module>
    start_date=datetime(2026, 3, 31, tz="UTC"),
               ^^^^^^^^^^^^^^^^^^^^^^^^^^^^^^^
TypeError: 'tz' is an invalid keyword argument for this function
[2026-03-31T12:19:57.362+0000] {processor.py:927} WARNING - No viable dags retrieved from /opt/airflow/dags/automation_pipeline.py
[2026-03-31T12:19:57.383+0000] {processor.py:208} INFO - Processing /opt/airflow/dags/automation_pipeline.py took 0.055 seconds
[2026-03-31T12:20:27.800+0000] {processor.py:186} INFO - Started process (PID=347) to work on /opt/airflow/dags/automation_pipeline.py
[2026-03-31T12:20:27.801+0000] {processor.py:914} INFO - Processing file /opt/airflow/dags/automation_pipeline.py for tasks to queue
[2026-03-31T12:20:27.803+0000] {logging_mixin.py:190} INFO - [2026-03-31T12:20:27.803+0000] {dagbag.py:588} INFO - Filling up the DagBag from /opt/airflow/dags/automation_pipeline.py
[2026-03-31T12:20:27.836+0000] {logging_mixin.py:190} INFO - [2026-03-31T12:20:27.829+0000] {dagbag.py:387} ERROR - Failed to import: /opt/airflow/dags/automation_pipeline.py
Traceback (most recent call last):
  File "/home/airflow/.local/lib/python3.12/site-packages/airflow/models/dagbag.py", line 383, in parse
    loader.exec_module(new_module)
  File "<frozen importlib._bootstrap_external>", line 999, in exec_module
  File "<frozen importlib._bootstrap>", line 488, in _call_with_frames_removed
  File "/opt/airflow/dags/automation_pipeline.py", line 93, in <module>
    start_date=datetime(2026, 3, 31, tz="UTC"),
               ^^^^^^^^^^^^^^^^^^^^^^^^^^^^^^^
TypeError: 'tz' is an invalid keyword argument for this function
[2026-03-31T12:20:27.839+0000] {processor.py:927} WARNING - No viable dags retrieved from /opt/airflow/dags/automation_pipeline.py
[2026-03-31T12:20:27.878+0000] {processor.py:208} INFO - Processing /opt/airflow/dags/automation_pipeline.py took 0.086 seconds
[2026-03-31T12:20:58.124+0000] {processor.py:186} INFO - Started process (PID=358) to work on /opt/airflow/dags/automation_pipeline.py
[2026-03-31T12:20:58.126+0000] {processor.py:914} INFO - Processing file /opt/airflow/dags/automation_pipeline.py for tasks to queue
[2026-03-31T12:20:58.128+0000] {logging_mixin.py:190} INFO - [2026-03-31T12:20:58.127+0000] {dagbag.py:588} INFO - Filling up the DagBag from /opt/airflow/dags/automation_pipeline.py
[2026-03-31T12:20:58.157+0000] {logging_mixin.py:190} INFO - [2026-03-31T12:20:58.150+0000] {dagbag.py:387} ERROR - Failed to import: /opt/airflow/dags/automation_pipeline.py
Traceback (most recent call last):
  File "/home/airflow/.local/lib/python3.12/site-packages/airflow/models/dagbag.py", line 383, in parse
    loader.exec_module(new_module)
  File "<frozen importlib._bootstrap_external>", line 999, in exec_module
  File "<frozen importlib._bootstrap>", line 488, in _call_with_frames_removed
  File "/opt/airflow/dags/automation_pipeline.py", line 93, in <module>
    start_date=datetime(2026, 3, 31, tz="UTC"),
               ^^^^^^^^^^^^^^^^^^^^^^^^^^^^^^^
TypeError: 'tz' is an invalid keyword argument for this function
[2026-03-31T12:20:58.159+0000] {processor.py:927} WARNING - No viable dags retrieved from /opt/airflow/dags/automation_pipeline.py
[2026-03-31T12:20:58.192+0000] {processor.py:208} INFO - Processing /opt/airflow/dags/automation_pipeline.py took 0.080 seconds
[2026-03-31T12:21:28.548+0000] {processor.py:186} INFO - Started process (PID=369) to work on /opt/airflow/dags/automation_pipeline.py
[2026-03-31T12:21:28.549+0000] {processor.py:914} INFO - Processing file /opt/airflow/dags/automation_pipeline.py for tasks to queue
[2026-03-31T12:21:28.551+0000] {logging_mixin.py:190} INFO - [2026-03-31T12:21:28.551+0000] {dagbag.py:588} INFO - Filling up the DagBag from /opt/airflow/dags/automation_pipeline.py
[2026-03-31T12:21:28.580+0000] {logging_mixin.py:190} INFO - [2026-03-31T12:21:28.574+0000] {dagbag.py:387} ERROR - Failed to import: /opt/airflow/dags/automation_pipeline.py
Traceback (most recent call last):
  File "/home/airflow/.local/lib/python3.12/site-packages/airflow/models/dagbag.py", line 383, in parse
    loader.exec_module(new_module)
  File "<frozen importlib._bootstrap_external>", line 999, in exec_module
  File "<frozen importlib._bootstrap>", line 488, in _call_with_frames_removed
  File "/opt/airflow/dags/automation_pipeline.py", line 93, in <module>
    start_date=datetime(2026, 3, 31, tz="UTC"),
               ^^^^^^^^^^^^^^^^^^^^^^^^^^^^^^^
TypeError: 'tz' is an invalid keyword argument for this function
[2026-03-31T12:21:28.582+0000] {processor.py:927} WARNING - No viable dags retrieved from /opt/airflow/dags/automation_pipeline.py
[2026-03-31T12:21:28.614+0000] {processor.py:208} INFO - Processing /opt/airflow/dags/automation_pipeline.py took 0.073 seconds
[2026-03-31T12:21:58.818+0000] {processor.py:186} INFO - Started process (PID=380) to work on /opt/airflow/dags/automation_pipeline.py
[2026-03-31T12:21:58.820+0000] {processor.py:914} INFO - Processing file /opt/airflow/dags/automation_pipeline.py for tasks to queue
[2026-03-31T12:21:58.822+0000] {logging_mixin.py:190} INFO - [2026-03-31T12:21:58.822+0000] {dagbag.py:588} INFO - Filling up the DagBag from /opt/airflow/dags/automation_pipeline.py
[2026-03-31T12:21:58.841+0000] {logging_mixin.py:190} INFO - [2026-03-31T12:21:58.836+0000] {dagbag.py:387} ERROR - Failed to import: /opt/airflow/dags/automation_pipeline.py
Traceback (most recent call last):
  File "/home/airflow/.local/lib/python3.12/site-packages/airflow/models/dagbag.py", line 383, in parse
    loader.exec_module(new_module)
  File "<frozen importlib._bootstrap_external>", line 999, in exec_module
  File "<frozen importlib._bootstrap>", line 488, in _call_with_frames_removed
  File "/opt/airflow/dags/automation_pipeline.py", line 93, in <module>
    start_date=datetime(2026, 3, 31, tz="UTC"),
               ^^^^^^^^^^^^^^^^^^^^^^^^^^^^^^^
TypeError: 'tz' is an invalid keyword argument for this function
[2026-03-31T12:21:58.843+0000] {processor.py:927} WARNING - No viable dags retrieved from /opt/airflow/dags/automation_pipeline.py
[2026-03-31T12:21:58.879+0000] {processor.py:208} INFO - Processing /opt/airflow/dags/automation_pipeline.py took 0.068 seconds
[2026-03-31T12:22:29.249+0000] {processor.py:186} INFO - Started process (PID=391) to work on /opt/airflow/dags/automation_pipeline.py
[2026-03-31T12:22:29.250+0000] {processor.py:914} INFO - Processing file /opt/airflow/dags/automation_pipeline.py for tasks to queue
[2026-03-31T12:22:29.252+0000] {logging_mixin.py:190} INFO - [2026-03-31T12:22:29.252+0000] {dagbag.py:588} INFO - Filling up the DagBag from /opt/airflow/dags/automation_pipeline.py
[2026-03-31T12:22:29.273+0000] {logging_mixin.py:190} INFO - [2026-03-31T12:22:29.268+0000] {dagbag.py:387} ERROR - Failed to import: /opt/airflow/dags/automation_pipeline.py
Traceback (most recent call last):
  File "/home/airflow/.local/lib/python3.12/site-packages/airflow/models/dagbag.py", line 383, in parse
    loader.exec_module(new_module)
  File "<frozen importlib._bootstrap_external>", line 999, in exec_module
  File "<frozen importlib._bootstrap>", line 488, in _call_with_frames_removed
  File "/opt/airflow/dags/automation_pipeline.py", line 93, in <module>
    start_date=datetime(2026, 3, 31, tz="UTC"),
               ^^^^^^^^^^^^^^^^^^^^^^^^^^^^^^^
TypeError: 'tz' is an invalid keyword argument for this function
[2026-03-31T12:22:29.275+0000] {processor.py:927} WARNING - No viable dags retrieved from /opt/airflow/dags/automation_pipeline.py
[2026-03-31T12:22:29.310+0000] {processor.py:208} INFO - Processing /opt/airflow/dags/automation_pipeline.py took 0.069 seconds
[2026-03-31T12:22:59.639+0000] {processor.py:186} INFO - Started process (PID=402) to work on /opt/airflow/dags/automation_pipeline.py
[2026-03-31T12:22:59.641+0000] {processor.py:914} INFO - Processing file /opt/airflow/dags/automation_pipeline.py for tasks to queue
[2026-03-31T12:22:59.644+0000] {logging_mixin.py:190} INFO - [2026-03-31T12:22:59.643+0000] {dagbag.py:588} INFO - Filling up the DagBag from /opt/airflow/dags/automation_pipeline.py
[2026-03-31T12:22:59.678+0000] {logging_mixin.py:190} INFO - [2026-03-31T12:22:59.671+0000] {dagbag.py:387} ERROR - Failed to import: /opt/airflow/dags/automation_pipeline.py
Traceback (most recent call last):
  File "/home/airflow/.local/lib/python3.12/site-packages/airflow/models/dagbag.py", line 383, in parse
    loader.exec_module(new_module)
  File "<frozen importlib._bootstrap_external>", line 999, in exec_module
  File "<frozen importlib._bootstrap>", line 488, in _call_with_frames_removed
  File "/opt/airflow/dags/automation_pipeline.py", line 93, in <module>
    start_date=datetime(2026, 3, 31, tz="UTC"),
               ^^^^^^^^^^^^^^^^^^^^^^^^^^^^^^^
TypeError: 'tz' is an invalid keyword argument for this function
[2026-03-31T12:22:59.681+0000] {processor.py:927} WARNING - No viable dags retrieved from /opt/airflow/dags/automation_pipeline.py
[2026-03-31T12:22:59.720+0000] {processor.py:208} INFO - Processing /opt/airflow/dags/automation_pipeline.py took 0.089 seconds
[2026-03-31T12:23:30.079+0000] {processor.py:186} INFO - Started process (PID=414) to work on /opt/airflow/dags/automation_pipeline.py
[2026-03-31T12:23:30.080+0000] {processor.py:914} INFO - Processing file /opt/airflow/dags/automation_pipeline.py for tasks to queue
[2026-03-31T12:23:30.082+0000] {logging_mixin.py:190} INFO - [2026-03-31T12:23:30.082+0000] {dagbag.py:588} INFO - Filling up the DagBag from /opt/airflow/dags/automation_pipeline.py
[2026-03-31T12:23:30.113+0000] {logging_mixin.py:190} INFO - [2026-03-31T12:23:30.105+0000] {dagbag.py:387} ERROR - Failed to import: /opt/airflow/dags/automation_pipeline.py
Traceback (most recent call last):
  File "/home/airflow/.local/lib/python3.12/site-packages/airflow/models/dagbag.py", line 383, in parse
    loader.exec_module(new_module)
  File "<frozen importlib._bootstrap_external>", line 999, in exec_module
  File "<frozen importlib._bootstrap>", line 488, in _call_with_frames_removed
  File "/opt/airflow/dags/automation_pipeline.py", line 93, in <module>
    start_date=datetime(2026, 3, 31, tz="UTC"),
               ^^^^^^^^^^^^^^^^^^^^^^^^^^^^^^^
TypeError: 'tz' is an invalid keyword argument for this function
[2026-03-31T12:23:30.116+0000] {processor.py:927} WARNING - No viable dags retrieved from /opt/airflow/dags/automation_pipeline.py
[2026-03-31T12:23:30.149+0000] {processor.py:208} INFO - Processing /opt/airflow/dags/automation_pipeline.py took 0.079 seconds
[2026-03-31T12:24:00.388+0000] {processor.py:186} INFO - Started process (PID=425) to work on /opt/airflow/dags/automation_pipeline.py
[2026-03-31T12:24:00.389+0000] {processor.py:914} INFO - Processing file /opt/airflow/dags/automation_pipeline.py for tasks to queue
[2026-03-31T12:24:00.391+0000] {logging_mixin.py:190} INFO - [2026-03-31T12:24:00.391+0000] {dagbag.py:588} INFO - Filling up the DagBag from /opt/airflow/dags/automation_pipeline.py
[2026-03-31T12:24:00.412+0000] {logging_mixin.py:190} INFO - [2026-03-31T12:24:00.407+0000] {dagbag.py:387} ERROR - Failed to import: /opt/airflow/dags/automation_pipeline.py
Traceback (most recent call last):
  File "/home/airflow/.local/lib/python3.12/site-packages/airflow/models/dagbag.py", line 383, in parse
    loader.exec_module(new_module)
  File "<frozen importlib._bootstrap_external>", line 999, in exec_module
  File "<frozen importlib._bootstrap>", line 488, in _call_with_frames_removed
  File "/opt/airflow/dags/automation_pipeline.py", line 93, in <module>
    start_date=datetime(2026, 3, 31, tz="UTC"),
               ^^^^^^^^^^^^^^^^^^^^^^^^^^^^^^^
TypeError: 'tz' is an invalid keyword argument for this function
[2026-03-31T12:24:00.413+0000] {processor.py:927} WARNING - No viable dags retrieved from /opt/airflow/dags/automation_pipeline.py
[2026-03-31T12:24:00.443+0000] {processor.py:208} INFO - Processing /opt/airflow/dags/automation_pipeline.py took 0.062 seconds
[2026-03-31T12:24:30.761+0000] {processor.py:186} INFO - Started process (PID=436) to work on /opt/airflow/dags/automation_pipeline.py
[2026-03-31T12:24:30.762+0000] {processor.py:914} INFO - Processing file /opt/airflow/dags/automation_pipeline.py for tasks to queue
[2026-03-31T12:24:30.763+0000] {logging_mixin.py:190} INFO - [2026-03-31T12:24:30.763+0000] {dagbag.py:588} INFO - Filling up the DagBag from /opt/airflow/dags/automation_pipeline.py
[2026-03-31T12:24:30.787+0000] {logging_mixin.py:190} INFO - [2026-03-31T12:24:30.779+0000] {dagbag.py:387} ERROR - Failed to import: /opt/airflow/dags/automation_pipeline.py
Traceback (most recent call last):
  File "/home/airflow/.local/lib/python3.12/site-packages/airflow/models/dagbag.py", line 383, in parse
    loader.exec_module(new_module)
  File "<frozen importlib._bootstrap_external>", line 999, in exec_module
  File "<frozen importlib._bootstrap>", line 488, in _call_with_frames_removed
  File "/opt/airflow/dags/automation_pipeline.py", line 93, in <module>
    start_date=datetime(2026, 3, 31, tz="UTC"),
               ^^^^^^^^^^^^^^^^^^^^^^^^^^^^^^^
TypeError: 'tz' is an invalid keyword argument for this function
[2026-03-31T12:24:30.789+0000] {processor.py:927} WARNING - No viable dags retrieved from /opt/airflow/dags/automation_pipeline.py
[2026-03-31T12:24:30.823+0000] {processor.py:208} INFO - Processing /opt/airflow/dags/automation_pipeline.py took 0.070 seconds
[2026-03-31T12:25:01.099+0000] {processor.py:186} INFO - Started process (PID=447) to work on /opt/airflow/dags/automation_pipeline.py
[2026-03-31T12:25:01.101+0000] {processor.py:914} INFO - Processing file /opt/airflow/dags/automation_pipeline.py for tasks to queue
[2026-03-31T12:25:01.102+0000] {logging_mixin.py:190} INFO - [2026-03-31T12:25:01.102+0000] {dagbag.py:588} INFO - Filling up the DagBag from /opt/airflow/dags/automation_pipeline.py
[2026-03-31T12:25:01.123+0000] {logging_mixin.py:190} INFO - [2026-03-31T12:25:01.119+0000] {dagbag.py:387} ERROR - Failed to import: /opt/airflow/dags/automation_pipeline.py
Traceback (most recent call last):
  File "/home/airflow/.local/lib/python3.12/site-packages/airflow/models/dagbag.py", line 383, in parse
    loader.exec_module(new_module)
  File "<frozen importlib._bootstrap_external>", line 999, in exec_module
  File "<frozen importlib._bootstrap>", line 488, in _call_with_frames_removed
  File "/opt/airflow/dags/automation_pipeline.py", line 93, in <module>
    start_date=datetime(2026, 3, 31, tz="UTC"),
               ^^^^^^^^^^^^^^^^^^^^^^^^^^^^^^^
TypeError: 'tz' is an invalid keyword argument for this function
[2026-03-31T12:25:01.125+0000] {processor.py:927} WARNING - No viable dags retrieved from /opt/airflow/dags/automation_pipeline.py
[2026-03-31T12:25:01.154+0000] {processor.py:208} INFO - Processing /opt/airflow/dags/automation_pipeline.py took 0.061 seconds
[2026-03-31T12:25:31.464+0000] {processor.py:186} INFO - Started process (PID=458) to work on /opt/airflow/dags/automation_pipeline.py
[2026-03-31T12:25:31.465+0000] {processor.py:914} INFO - Processing file /opt/airflow/dags/automation_pipeline.py for tasks to queue
[2026-03-31T12:25:31.467+0000] {logging_mixin.py:190} INFO - [2026-03-31T12:25:31.466+0000] {dagbag.py:588} INFO - Filling up the DagBag from /opt/airflow/dags/automation_pipeline.py
[2026-03-31T12:25:31.488+0000] {logging_mixin.py:190} INFO - [2026-03-31T12:25:31.483+0000] {dagbag.py:387} ERROR - Failed to import: /opt/airflow/dags/automation_pipeline.py
Traceback (most recent call last):
  File "/home/airflow/.local/lib/python3.12/site-packages/airflow/models/dagbag.py", line 383, in parse
    loader.exec_module(new_module)
  File "<frozen importlib._bootstrap_external>", line 999, in exec_module
  File "<frozen importlib._bootstrap>", line 488, in _call_with_frames_removed
  File "/opt/airflow/dags/automation_pipeline.py", line 93, in <module>
    start_date=datetime(2026, 3, 31, tz="UTC"),
               ^^^^^^^^^^^^^^^^^^^^^^^^^^^^^^^
TypeError: 'tz' is an invalid keyword argument for this function
[2026-03-31T12:25:31.490+0000] {processor.py:927} WARNING - No viable dags retrieved from /opt/airflow/dags/automation_pipeline.py
[2026-03-31T12:25:31.522+0000] {processor.py:208} INFO - Processing /opt/airflow/dags/automation_pipeline.py took 0.065 seconds
[2026-03-31T12:26:01.858+0000] {processor.py:186} INFO - Started process (PID=469) to work on /opt/airflow/dags/automation_pipeline.py
[2026-03-31T12:26:01.860+0000] {processor.py:914} INFO - Processing file /opt/airflow/dags/automation_pipeline.py for tasks to queue
[2026-03-31T12:26:01.866+0000] {logging_mixin.py:190} INFO - [2026-03-31T12:26:01.864+0000] {dagbag.py:588} INFO - Filling up the DagBag from /opt/airflow/dags/automation_pipeline.py
[2026-03-31T12:26:01.917+0000] {logging_mixin.py:190} INFO - [2026-03-31T12:26:01.906+0000] {dagbag.py:387} ERROR - Failed to import: /opt/airflow/dags/automation_pipeline.py
Traceback (most recent call last):
  File "/home/airflow/.local/lib/python3.12/site-packages/airflow/models/dagbag.py", line 383, in parse
    loader.exec_module(new_module)
  File "<frozen importlib._bootstrap_external>", line 999, in exec_module
  File "<frozen importlib._bootstrap>", line 488, in _call_with_frames_removed
  File "/opt/airflow/dags/automation_pipeline.py", line 93, in <module>
    start_date=datetime(2026, 3, 31, tz="UTC"),
               ^^^^^^^^^^^^^^^^^^^^^^^^^^^^^^^
TypeError: 'tz' is an invalid keyword argument for this function
[2026-03-31T12:26:01.920+0000] {processor.py:927} WARNING - No viable dags retrieved from /opt/airflow/dags/automation_pipeline.py
[2026-03-31T12:26:01.984+0000] {processor.py:208} INFO - Processing /opt/airflow/dags/automation_pipeline.py took 0.140 seconds
[2026-03-31T12:26:32.198+0000] {processor.py:186} INFO - Started process (PID=480) to work on /opt/airflow/dags/automation_pipeline.py
[2026-03-31T12:26:32.199+0000] {processor.py:914} INFO - Processing file /opt/airflow/dags/automation_pipeline.py for tasks to queue
[2026-03-31T12:26:32.200+0000] {logging_mixin.py:190} INFO - [2026-03-31T12:26:32.200+0000] {dagbag.py:588} INFO - Filling up the DagBag from /opt/airflow/dags/automation_pipeline.py
[2026-03-31T12:26:32.220+0000] {logging_mixin.py:190} INFO - [2026-03-31T12:26:32.215+0000] {dagbag.py:387} ERROR - Failed to import: /opt/airflow/dags/automation_pipeline.py
Traceback (most recent call last):
  File "/home/airflow/.local/lib/python3.12/site-packages/airflow/models/dagbag.py", line 383, in parse
    loader.exec_module(new_module)
  File "<frozen importlib._bootstrap_external>", line 999, in exec_module
  File "<frozen importlib._bootstrap>", line 488, in _call_with_frames_removed
  File "/opt/airflow/dags/automation_pipeline.py", line 93, in <module>
    start_date=datetime(2026, 3, 31, tz="UTC"),
               ^^^^^^^^^^^^^^^^^^^^^^^^^^^^^^^
TypeError: 'tz' is an invalid keyword argument for this function
[2026-03-31T12:26:32.221+0000] {processor.py:927} WARNING - No viable dags retrieved from /opt/airflow/dags/automation_pipeline.py
[2026-03-31T12:26:32.260+0000] {processor.py:208} INFO - Processing /opt/airflow/dags/automation_pipeline.py took 0.067 seconds
[2026-03-31T12:27:02.535+0000] {processor.py:186} INFO - Started process (PID=491) to work on /opt/airflow/dags/automation_pipeline.py
[2026-03-31T12:27:02.536+0000] {processor.py:914} INFO - Processing file /opt/airflow/dags/automation_pipeline.py for tasks to queue
[2026-03-31T12:27:02.538+0000] {logging_mixin.py:190} INFO - [2026-03-31T12:27:02.537+0000] {dagbag.py:588} INFO - Filling up the DagBag from /opt/airflow/dags/automation_pipeline.py
[2026-03-31T12:27:02.562+0000] {logging_mixin.py:190} INFO - [2026-03-31T12:27:02.556+0000] {dagbag.py:387} ERROR - Failed to import: /opt/airflow/dags/automation_pipeline.py
Traceback (most recent call last):
  File "/home/airflow/.local/lib/python3.12/site-packages/airflow/models/dagbag.py", line 383, in parse
    loader.exec_module(new_module)
  File "<frozen importlib._bootstrap_external>", line 999, in exec_module
  File "<frozen importlib._bootstrap>", line 488, in _call_with_frames_removed
  File "/opt/airflow/dags/automation_pipeline.py", line 93, in <module>
    start_date=datetime(2026, 3, 31, tz="UTC"),
               ^^^^^^^^^^^^^^^^^^^^^^^^^^^^^^^
TypeError: 'tz' is an invalid keyword argument for this function
[2026-03-31T12:27:02.564+0000] {processor.py:927} WARNING - No viable dags retrieved from /opt/airflow/dags/automation_pipeline.py
[2026-03-31T12:27:02.600+0000] {processor.py:208} INFO - Processing /opt/airflow/dags/automation_pipeline.py took 0.076 seconds
[2026-03-31T12:27:32.891+0000] {processor.py:186} INFO - Started process (PID=502) to work on /opt/airflow/dags/automation_pipeline.py
[2026-03-31T12:27:32.894+0000] {processor.py:914} INFO - Processing file /opt/airflow/dags/automation_pipeline.py for tasks to queue
[2026-03-31T12:27:32.897+0000] {logging_mixin.py:190} INFO - [2026-03-31T12:27:32.896+0000] {dagbag.py:588} INFO - Filling up the DagBag from /opt/airflow/dags/automation_pipeline.py
[2026-03-31T12:27:32.934+0000] {logging_mixin.py:190} INFO - [2026-03-31T12:27:32.930+0000] {dagbag.py:387} ERROR - Failed to import: /opt/airflow/dags/automation_pipeline.py
Traceback (most recent call last):
  File "/home/airflow/.local/lib/python3.12/site-packages/airflow/models/dagbag.py", line 383, in parse
    loader.exec_module(new_module)
  File "<frozen importlib._bootstrap_external>", line 999, in exec_module
  File "<frozen importlib._bootstrap>", line 488, in _call_with_frames_removed
  File "/opt/airflow/dags/automation_pipeline.py", line 93, in <module>
    start_date=datetime(2026, 3, 31, tz="UTC"),
               ^^^^^^^^^^^^^^^^^^^^^^^^^^^^^^^
TypeError: 'tz' is an invalid keyword argument for this function
[2026-03-31T12:27:32.936+0000] {processor.py:927} WARNING - No viable dags retrieved from /opt/airflow/dags/automation_pipeline.py
[2026-03-31T12:27:32.974+0000] {processor.py:208} INFO - Processing /opt/airflow/dags/automation_pipeline.py took 0.091 seconds
[2026-03-31T12:28:03.190+0000] {processor.py:186} INFO - Started process (PID=513) to work on /opt/airflow/dags/automation_pipeline.py
[2026-03-31T12:28:03.192+0000] {processor.py:914} INFO - Processing file /opt/airflow/dags/automation_pipeline.py for tasks to queue
[2026-03-31T12:28:03.194+0000] {logging_mixin.py:190} INFO - [2026-03-31T12:28:03.193+0000] {dagbag.py:588} INFO - Filling up the DagBag from /opt/airflow/dags/automation_pipeline.py
[2026-03-31T12:28:03.297+0000] {logging_mixin.py:190} INFO - [2026-03-31T12:28:03.293+0000] {dagbag.py:387} ERROR - Failed to import: /opt/airflow/dags/automation_pipeline.py
Traceback (most recent call last):
  File "/home/airflow/.local/lib/python3.12/site-packages/airflow/models/dagbag.py", line 383, in parse
    loader.exec_module(new_module)
  File "<frozen importlib._bootstrap_external>", line 999, in exec_module
  File "<frozen importlib._bootstrap>", line 488, in _call_with_frames_removed
  File "/opt/airflow/dags/automation_pipeline.py", line 93, in <module>
    start_date=datetime(2026, 3, 31, tz="UTC"),
               ^^^^^^^^^^^^^^^^^^^^^^^^^^^^^^^
TypeError: 'tz' is an invalid keyword argument for this function
[2026-03-31T12:28:03.298+0000] {processor.py:927} WARNING - No viable dags retrieved from /opt/airflow/dags/automation_pipeline.py
[2026-03-31T12:28:03.319+0000] {processor.py:208} INFO - Processing /opt/airflow/dags/automation_pipeline.py took 0.135 seconds
[2026-03-31T12:28:33.610+0000] {processor.py:186} INFO - Started process (PID=524) to work on /opt/airflow/dags/automation_pipeline.py
[2026-03-31T12:28:33.613+0000] {processor.py:914} INFO - Processing file /opt/airflow/dags/automation_pipeline.py for tasks to queue
[2026-03-31T12:28:33.615+0000] {logging_mixin.py:190} INFO - [2026-03-31T12:28:33.615+0000] {dagbag.py:588} INFO - Filling up the DagBag from /opt/airflow/dags/automation_pipeline.py
[2026-03-31T12:28:33.633+0000] {logging_mixin.py:190} INFO - [2026-03-31T12:28:33.628+0000] {dagbag.py:387} ERROR - Failed to import: /opt/airflow/dags/automation_pipeline.py
Traceback (most recent call last):
  File "/home/airflow/.local/lib/python3.12/site-packages/airflow/models/dagbag.py", line 383, in parse
    loader.exec_module(new_module)
  File "<frozen importlib._bootstrap_external>", line 999, in exec_module
  File "<frozen importlib._bootstrap>", line 488, in _call_with_frames_removed
  File "/opt/airflow/dags/automation_pipeline.py", line 93, in <module>
    start_date=datetime(2026, 3, 31, tz="UTC"),
               ^^^^^^^^^^^^^^^^^^^^^^^^^^^^^^^
TypeError: 'tz' is an invalid keyword argument for this function
[2026-03-31T12:28:33.635+0000] {processor.py:927} WARNING - No viable dags retrieved from /opt/airflow/dags/automation_pipeline.py
[2026-03-31T12:28:33.661+0000] {processor.py:208} INFO - Processing /opt/airflow/dags/automation_pipeline.py took 0.056 seconds
[2026-03-31T12:29:03.867+0000] {processor.py:186} INFO - Started process (PID=535) to work on /opt/airflow/dags/automation_pipeline.py
[2026-03-31T12:29:03.868+0000] {processor.py:914} INFO - Processing file /opt/airflow/dags/automation_pipeline.py for tasks to queue
[2026-03-31T12:29:03.870+0000] {logging_mixin.py:190} INFO - [2026-03-31T12:29:03.869+0000] {dagbag.py:588} INFO - Filling up the DagBag from /opt/airflow/dags/automation_pipeline.py
[2026-03-31T12:29:03.888+0000] {logging_mixin.py:190} INFO - [2026-03-31T12:29:03.884+0000] {dagbag.py:387} ERROR - Failed to import: /opt/airflow/dags/automation_pipeline.py
Traceback (most recent call last):
  File "/home/airflow/.local/lib/python3.12/site-packages/airflow/models/dagbag.py", line 383, in parse
    loader.exec_module(new_module)
  File "<frozen importlib._bootstrap_external>", line 999, in exec_module
  File "<frozen importlib._bootstrap>", line 488, in _call_with_frames_removed
  File "/opt/airflow/dags/automation_pipeline.py", line 93, in <module>
    start_date=datetime(2026, 3, 31, tz="UTC"),
               ^^^^^^^^^^^^^^^^^^^^^^^^^^^^^^^
TypeError: 'tz' is an invalid keyword argument for this function
[2026-03-31T12:29:03.890+0000] {processor.py:927} WARNING - No viable dags retrieved from /opt/airflow/dags/automation_pipeline.py
[2026-03-31T12:29:03.908+0000] {processor.py:208} INFO - Processing /opt/airflow/dags/automation_pipeline.py took 0.049 seconds
[2026-03-31T12:29:34.163+0000] {processor.py:186} INFO - Started process (PID=546) to work on /opt/airflow/dags/automation_pipeline.py
[2026-03-31T12:29:34.164+0000] {processor.py:914} INFO - Processing file /opt/airflow/dags/automation_pipeline.py for tasks to queue
[2026-03-31T12:29:34.166+0000] {logging_mixin.py:190} INFO - [2026-03-31T12:29:34.166+0000] {dagbag.py:588} INFO - Filling up the DagBag from /opt/airflow/dags/automation_pipeline.py
[2026-03-31T12:29:34.184+0000] {logging_mixin.py:190} INFO - [2026-03-31T12:29:34.180+0000] {dagbag.py:387} ERROR - Failed to import: /opt/airflow/dags/automation_pipeline.py
Traceback (most recent call last):
  File "/home/airflow/.local/lib/python3.12/site-packages/airflow/models/dagbag.py", line 383, in parse
    loader.exec_module(new_module)
  File "<frozen importlib._bootstrap_external>", line 999, in exec_module
  File "<frozen importlib._bootstrap>", line 488, in _call_with_frames_removed
  File "/opt/airflow/dags/automation_pipeline.py", line 93, in <module>
    start_date=datetime(2026, 3, 31, tz="UTC"),
               ^^^^^^^^^^^^^^^^^^^^^^^^^^^^^^^
TypeError: 'tz' is an invalid keyword argument for this function
[2026-03-31T12:29:34.186+0000] {processor.py:927} WARNING - No viable dags retrieved from /opt/airflow/dags/automation_pipeline.py
[2026-03-31T12:29:34.213+0000] {processor.py:208} INFO - Processing /opt/airflow/dags/automation_pipeline.py took 0.056 seconds
[2026-03-31T12:30:04.419+0000] {processor.py:186} INFO - Started process (PID=557) to work on /opt/airflow/dags/automation_pipeline.py
[2026-03-31T12:30:04.420+0000] {processor.py:914} INFO - Processing file /opt/airflow/dags/automation_pipeline.py for tasks to queue
[2026-03-31T12:30:04.421+0000] {logging_mixin.py:190} INFO - [2026-03-31T12:30:04.421+0000] {dagbag.py:588} INFO - Filling up the DagBag from /opt/airflow/dags/automation_pipeline.py
[2026-03-31T12:30:04.447+0000] {logging_mixin.py:190} INFO - [2026-03-31T12:30:04.442+0000] {dagbag.py:387} ERROR - Failed to import: /opt/airflow/dags/automation_pipeline.py
Traceback (most recent call last):
  File "/home/airflow/.local/lib/python3.12/site-packages/airflow/models/dagbag.py", line 383, in parse
    loader.exec_module(new_module)
  File "<frozen importlib._bootstrap_external>", line 999, in exec_module
  File "<frozen importlib._bootstrap>", line 488, in _call_with_frames_removed
  File "/opt/airflow/dags/automation_pipeline.py", line 93, in <module>
    start_date=datetime(2026, 3, 31, tz="UTC"),
               ^^^^^^^^^^^^^^^^^^^^^^^^^^^^^^^
TypeError: 'tz' is an invalid keyword argument for this function
[2026-03-31T12:30:04.449+0000] {processor.py:927} WARNING - No viable dags retrieved from /opt/airflow/dags/automation_pipeline.py
[2026-03-31T12:30:04.477+0000] {processor.py:208} INFO - Processing /opt/airflow/dags/automation_pipeline.py took 0.064 seconds
[2026-03-31T12:30:34.718+0000] {processor.py:186} INFO - Started process (PID=568) to work on /opt/airflow/dags/automation_pipeline.py
[2026-03-31T12:30:34.720+0000] {processor.py:914} INFO - Processing file /opt/airflow/dags/automation_pipeline.py for tasks to queue
[2026-03-31T12:30:34.722+0000] {logging_mixin.py:190} INFO - [2026-03-31T12:30:34.721+0000] {dagbag.py:588} INFO - Filling up the DagBag from /opt/airflow/dags/automation_pipeline.py
[2026-03-31T12:30:34.743+0000] {logging_mixin.py:190} INFO - [2026-03-31T12:30:34.738+0000] {dagbag.py:387} ERROR - Failed to import: /opt/airflow/dags/automation_pipeline.py
Traceback (most recent call last):
  File "/home/airflow/.local/lib/python3.12/site-packages/airflow/models/dagbag.py", line 383, in parse
    loader.exec_module(new_module)
  File "<frozen importlib._bootstrap_external>", line 999, in exec_module
  File "<frozen importlib._bootstrap>", line 488, in _call_with_frames_removed
  File "/opt/airflow/dags/automation_pipeline.py", line 93, in <module>
    start_date=datetime(2026, 3, 31, tz="UTC"),
               ^^^^^^^^^^^^^^^^^^^^^^^^^^^^^^^
TypeError: 'tz' is an invalid keyword argument for this function
[2026-03-31T12:30:34.745+0000] {processor.py:927} WARNING - No viable dags retrieved from /opt/airflow/dags/automation_pipeline.py
[2026-03-31T12:30:34.780+0000] {processor.py:208} INFO - Processing /opt/airflow/dags/automation_pipeline.py took 0.067 seconds
[2026-03-31T15:08:31.563+0000] {processor.py:186} INFO - Started process (PID=579) to work on /opt/airflow/dags/automation_pipeline.py
[2026-03-31T15:08:31.574+0000] {processor.py:914} INFO - Processing file /opt/airflow/dags/automation_pipeline.py for tasks to queue
[2026-03-31T15:08:31.632+0000] {logging_mixin.py:190} INFO - [2026-03-31T15:08:31.631+0000] {dagbag.py:588} INFO - Filling up the DagBag from /opt/airflow/dags/automation_pipeline.py
[2026-03-31T15:08:32.598+0000] {logging_mixin.py:190} INFO - [2026-03-31T15:08:32.338+0000] {dagbag.py:387} ERROR - Failed to import: /opt/airflow/dags/automation_pipeline.py
Traceback (most recent call last):
  File "/home/airflow/.local/lib/python3.12/site-packages/airflow/models/dagbag.py", line 383, in parse
    loader.exec_module(new_module)
  File "<frozen importlib._bootstrap_external>", line 999, in exec_module
  File "<frozen importlib._bootstrap>", line 488, in _call_with_frames_removed
  File "/opt/airflow/dags/automation_pipeline.py", line 93, in <module>
    start_date=datetime(2026, 3, 31, tz="UTC"),
               ^^^^^^^^^^^^^^^^^^^^^^^^^^^^^^^
TypeError: 'tz' is an invalid keyword argument for this function
[2026-03-31T15:08:32.808+0000] {processor.py:927} WARNING - No viable dags retrieved from /opt/airflow/dags/automation_pipeline.py
[2026-03-31T15:08:32.943+0000] {processor.py:208} INFO - Processing /opt/airflow/dags/automation_pipeline.py took 1.424 seconds
[2026-03-31T15:09:03.408+0000] {processor.py:186} INFO - Started process (PID=590) to work on /opt/airflow/dags/automation_pipeline.py
[2026-03-31T15:09:03.410+0000] {processor.py:914} INFO - Processing file /opt/airflow/dags/automation_pipeline.py for tasks to queue
[2026-03-31T15:09:03.412+0000] {logging_mixin.py:190} INFO - [2026-03-31T15:09:03.411+0000] {dagbag.py:588} INFO - Filling up the DagBag from /opt/airflow/dags/automation_pipeline.py
[2026-03-31T15:09:03.429+0000] {logging_mixin.py:190} INFO - [2026-03-31T15:09:03.425+0000] {dagbag.py:387} ERROR - Failed to import: /opt/airflow/dags/automation_pipeline.py
Traceback (most recent call last):
  File "/home/airflow/.local/lib/python3.12/site-packages/airflow/models/dagbag.py", line 383, in parse
    loader.exec_module(new_module)
  File "<frozen importlib._bootstrap_external>", line 999, in exec_module
  File "<frozen importlib._bootstrap>", line 488, in _call_with_frames_removed
  File "/opt/airflow/dags/automation_pipeline.py", line 93, in <module>
    start_date=datetime(2026, 3, 31, tz="UTC"),
               ^^^^^^^^^^^^^^^^^^^^^^^^^^^^^^^
TypeError: 'tz' is an invalid keyword argument for this function
[2026-03-31T15:09:03.431+0000] {processor.py:927} WARNING - No viable dags retrieved from /opt/airflow/dags/automation_pipeline.py
[2026-03-31T15:09:03.459+0000] {processor.py:208} INFO - Processing /opt/airflow/dags/automation_pipeline.py took 0.057 seconds
[2026-03-31T15:09:33.644+0000] {processor.py:186} INFO - Started process (PID=601) to work on /opt/airflow/dags/automation_pipeline.py
[2026-03-31T15:09:33.645+0000] {processor.py:914} INFO - Processing file /opt/airflow/dags/automation_pipeline.py for tasks to queue
[2026-03-31T15:09:33.647+0000] {logging_mixin.py:190} INFO - [2026-03-31T15:09:33.646+0000] {dagbag.py:588} INFO - Filling up the DagBag from /opt/airflow/dags/automation_pipeline.py
[2026-03-31T15:09:33.667+0000] {logging_mixin.py:190} INFO - [2026-03-31T15:09:33.662+0000] {dagbag.py:387} ERROR - Failed to import: /opt/airflow/dags/automation_pipeline.py
Traceback (most recent call last):
  File "/home/airflow/.local/lib/python3.12/site-packages/airflow/models/dagbag.py", line 383, in parse
    loader.exec_module(new_module)
  File "<frozen importlib._bootstrap_external>", line 999, in exec_module
  File "<frozen importlib._bootstrap>", line 488, in _call_with_frames_removed
  File "/opt/airflow/dags/automation_pipeline.py", line 93, in <module>
    start_date=datetime(2026, 3, 31, tz="UTC"),
               ^^^^^^^^^^^^^^^^^^^^^^^^^^^^^^^
TypeError: 'tz' is an invalid keyword argument for this function
[2026-03-31T15:09:33.669+0000] {processor.py:927} WARNING - No viable dags retrieved from /opt/airflow/dags/automation_pipeline.py
[2026-03-31T15:09:33.699+0000] {processor.py:208} INFO - Processing /opt/airflow/dags/automation_pipeline.py took 0.064 seconds
