[2026-03-31T12:08:28.782+0000] {manager.py:483} INFO - Processing files using up to 2 processes at a time 
[2026-03-31T12:08:28.783+0000] {manager.py:484} INFO - Process each file at most once every 30 seconds
[2026-03-31T12:08:28.785+0000] {manager.py:485} INFO - Checking for new files in /opt/airflow/dags every 300 seconds
[2026-03-31T12:08:28.786+0000] {manager.py:821} INFO - Searching for files in /opt/airflow/dags
[2026-03-31T12:08:28.834+0000] {manager.py:824} INFO - There are 1 files in /opt/airflow/dags
[2026-03-31T12:08:28.977+0000] {manager.py:997} INFO - 
================================================================================
DAG File Processing Stats

File Path                                   PID  Runtime      # DAGs    # Errors  Last Runtime    Last Run      Last # of DB Queries
----------------------------------------  -----  ---------  --------  ----------  --------------  ----------  ----------------------
/opt/airflow/dags/automation_pipeline.py    206  0.04s             0           0                                                   0
================================================================================
[2026-03-31T12:08:59.317+0000] {manager.py:997} INFO - 
================================================================================
DAG File Processing Stats

File Path                                   PID  Runtime      # DAGs    # Errors  Last Runtime    Last Run               Last # of DB Queries
----------------------------------------  -----  ---------  --------  ----------  --------------  -------------------  ----------------------
/opt/airflow/dags/automation_pipeline.py    242  0.01s             0           1  0.15s           2026-03-31T12:08:29                       5
================================================================================
[2026-03-31T12:09:29.707+0000] {manager.py:997} INFO - 
================================================================================
DAG File Processing Stats

File Path                                   PID  Runtime      # DAGs    # Errors  Last Runtime    Last Run               Last # of DB Queries
----------------------------------------  -----  ---------  --------  ----------  --------------  -------------------  ----------------------
/opt/airflow/dags/automation_pipeline.py    253  0.01s             0           1  0.14s           2026-03-31T12:08:59                       5
================================================================================
[2026-03-31T12:10:00.093+0000] {manager.py:997} INFO - 
================================================================================
DAG File Processing Stats

File Path                                   PID  Runtime      # DAGs    # Errors  Last Runtime    Last Run               Last # of DB Queries
----------------------------------------  -----  ---------  --------  ----------  --------------  -------------------  ----------------------
/opt/airflow/dags/automation_pipeline.py    264  0.00s             0           1  0.18s           2026-03-31T12:09:29                       5
================================================================================
[2026-03-31T12:10:30.464+0000] {manager.py:997} INFO - 
================================================================================
DAG File Processing Stats

File Path                                   PID  Runtime      # DAGs    # Errors  Last Runtime    Last Run               Last # of DB Queries
----------------------------------------  -----  ---------  --------  ----------  --------------  -------------------  ----------------------
/opt/airflow/dags/automation_pipeline.py    275  0.00s             0           1  0.08s           2026-03-31T12:10:00                       5
================================================================================
[2026-03-31T12:11:00.774+0000] {manager.py:997} INFO - 
================================================================================
DAG File Processing Stats

File Path                                   PID  Runtime      # DAGs    # Errors  Last Runtime    Last Run               Last # of DB Queries
----------------------------------------  -----  ---------  --------  ----------  --------------  -------------------  ----------------------
/opt/airflow/dags/automation_pipeline.py    286  0.00s             0           1  0.07s           2026-03-31T12:10:30                       5
================================================================================
[2026-03-31T12:11:31.117+0000] {manager.py:997} INFO - 
================================================================================
DAG File Processing Stats

File Path                                   PID  Runtime      # DAGs    # Errors  Last Runtime    Last Run               Last # of DB Queries
----------------------------------------  -----  ---------  --------  ----------  --------------  -------------------  ----------------------
/opt/airflow/dags/automation_pipeline.py    297  0.00s             0           1  0.07s           2026-03-31T12:11:00                       5
================================================================================
[2026-03-31T12:12:01.509+0000] {manager.py:997} INFO - 
================================================================================
DAG File Processing Stats

File Path                                   PID  Runtime      # DAGs    # Errors  Last Runtime    Last Run               Last # of DB Queries
----------------------------------------  -----  ---------  --------  ----------  --------------  -------------------  ----------------------
/opt/airflow/dags/automation_pipeline.py    309  0.00s             0           1  0.06s           2026-03-31T12:11:31                       5
================================================================================
[2026-03-31T12:12:31.822+0000] {manager.py:997} INFO - 
================================================================================
DAG File Processing Stats

File Path                                   PID  Runtime      # DAGs    # Errors  Last Runtime    Last Run               Last # of DB Queries
----------------------------------------  -----  ---------  --------  ----------  --------------  -------------------  ----------------------
/opt/airflow/dags/automation_pipeline.py    320  0.00s             0           1  0.13s           2026-03-31T12:12:01                       5
================================================================================
[2026-03-31T12:13:02.203+0000] {manager.py:997} INFO - 
================================================================================
DAG File Processing Stats

File Path                                   PID  Runtime      # DAGs    # Errors  Last Runtime    Last Run               Last # of DB Queries
----------------------------------------  -----  ---------  --------  ----------  --------------  -------------------  ----------------------
/opt/airflow/dags/automation_pipeline.py    331  0.00s             0           1  0.11s           2026-03-31T12:12:31                       5
================================================================================
[2026-03-31T12:13:29.517+0000] {manager.py:821} INFO - Searching for files in /opt/airflow/dags
[2026-03-31T12:13:29.552+0000] {manager.py:824} INFO - There are 1 files in /opt/airflow/dags
[2026-03-31T12:13:32.617+0000] {manager.py:997} INFO - 
================================================================================
DAG File Processing Stats

File Path                                   PID  Runtime      # DAGs    # Errors  Last Runtime    Last Run               Last # of DB Queries
----------------------------------------  -----  ---------  --------  ----------  --------------  -------------------  ----------------------
/opt/airflow/dags/automation_pipeline.py    342  0.00s             0           1  0.12s           2026-03-31T12:13:02                       5
================================================================================
